============================= test session starts ==============================
platform linux -- Python 3.13.5, pytest-9.0.3, pluggy-1.6.0 -- /usr/bin/python3
cachedir: .pytest_cache
rootdir: /workspace/hermes-output/rss-emerging-tech-digest-script
collecting ... collected 54 items

tests/test_dedup.py::TestSemanticDedup::test_single_article_passthrough PASSED [  1%]
tests/test_dedup.py::TestSemanticDedup::test_returns_deduped_list_on_llm_success PASSED [  3%]
tests/test_dedup.py::TestSemanticDedup::test_fallback_on_llm_error PASSED [  5%]
tests/test_dedup.py::TestSemanticDedup::test_fallback_on_empty_result PASSED [  7%]
tests/test_digest_assembler.py::TestAssembleDigest::test_empty_articles_returns_empty_string PASSED [  9%]
tests/test_digest_assembler.py::TestAssembleDigest::test_single_article_no_bullets PASSED [ 11%]
tests/test_digest_assembler.py::TestAssembleDigest::test_article_with_bullets_and_briefing PASSED [ 12%]
tests/test_digest_assembler.py::TestAssembleDigest::test_multiple_articles PASSED [ 14%]
tests/test_digest_assembler.py::TestAssembleDigest::test_feeds_scanned_in_header PASSED [ 16%]
tests/test_digest_assembler.py::TestAssembleDigest::test_categories_in_header PASSED [ 18%]
tests/test_director_briefing.py::TestGenerateBriefing::test_returns_briefing_on_success PASSED [ 20%]
tests/test_director_briefing.py::TestGenerateBriefing::test_fallback_on_no_content PASSED [ 22%]
tests/test_director_briefing.py::TestGenerateBriefing::test_fallback_on_llm_error PASSED [ 24%]
tests/test_director_briefing.py::TestGenerateBriefing::test_uses_full_text_when_available PASSED [ 25%]
tests/test_feeds.py::TestGetFeeds::test_all_feeds PASSED                 [ 27%]
tests/test_feeds.py::TestGetFeeds::test_category_filter PASSED           [ 29%]
tests/test_feeds.py::TestGetFeeds::test_none_returns_all PASSED          [ 31%]
tests/test_feeds.py::TestParseRssItems::test_parse_rss PASSED            [ 33%]
tests/test_feeds.py::TestParseRssItems::test_parse_atom PASSED           [ 35%]
tests/test_feeds.py::TestParseRssItems::test_no_guid_falls_back_to_url PASSED [ 37%]
tests/test_feeds.py::TestParseRssItems::test_empty_items_filtered PASSED [ 38%]
tests/test_feeds.py::TestFetchFeed::test_returns_none_on_network_error PASSED [ 40%]
tests/test_feeds.py::TestFetchFeed::test_returns_none_on_bad_xml PASSED  [ 42%]
tests/test_hkma_filter.py::TestIsHkmaItem::test_hkma_feed PASSED         [ 44%]
tests/test_hkma_filter.py::TestIsHkmaItem::test_non_hkma_feed PASSED     [ 46%]
tests/test_hkma_filter.py::TestFilterArticle::test_non_hkma_auto_passed PASSED [ 48%]
tests/test_hkma_filter.py::TestFilterArticle::test_hkma_kept PASSED      [ 50%]
tests/test_hkma_filter.py::TestFilterArticle::test_hkma_filtered_out PASSED [ 51%]
tests/test_hkma_filter.py::TestFilterArticle::test_hkma_no_content PASSED [ 53%]
tests/test_hkma_filter.py::TestFilterArticle::test_llm_error_defaults_to_keep PASSED [ 55%]
tests/test_hkma_filter.py::TestFilterAll::test_mixed_feeds PASSED        [ 57%]
tests/test_integration.py::TestFullPipeline::test_dry_run_skips_llm_and_jina PASSED [ 59%]
tests/test_integration.py::TestFullPipeline::test_full_pipeline_two_runs_baseline_then_deliver PASSED [ 61%]
tests/test_integration.py::TestFullPipeline::test_silent_on_no_new_items PASSED [ 62%]
tests/test_integration.py::TestFeedCategoryFilter::test_invalid_category_prints_error PASSED [ 64%]
tests/test_jina_fetcher.py::TestFetchFullText::test_returns_full_text_on_success PASSED [ 66%]
tests/test_jina_fetcher.py::TestFetchFullText::test_fallback_on_jina_warning PASSED [ 68%]
tests/test_jina_fetcher.py::TestFetchFullText::test_fallback_on_short_response PASSED [ 70%]
tests/test_jina_fetcher.py::TestFetchFullText::test_fallback_on_network_error PASSED [ 72%]
tests/test_jina_fetcher.py::TestFetchFullText::test_empty_url_returns_summary PASSED [ 74%]
tests/test_jina_fetcher.py::TestFetchFullText::test_article_enriched PASSED [ 75%]
tests/test_summarizer.py::TestSummarizeArticle::test_returns_bullets_on_success PASSED [ 77%]
tests/test_summarizer.py::TestSummarizeArticle::test_fallback_on_no_content PASSED [ 79%]
tests/test_summarizer.py::TestSummarizeArticle::test_fallback_on_llm_error PASSED [ 81%]
tests/test_summarizer.py::TestSummarizeArticle::test_uses_full_text_over_summary PASSED [ 83%]
tests/test_types.py::TestFeedConfig::test_all_feeds_loaded PASSED        [ 85%]
tests/test_types.py::TestFeedConfig::test_all_categories_represented PASSED [ 87%]
tests/test_types.py::TestFeedConfig::test_category_weights PASSED        [ 88%]
tests/test_types.py::TestArticle::test_default_values PASSED             [ 90%]
tests/test_watermark.py::TestWatermarkStore::test_first_run_returns_nothing PASSED [ 92%]
tests/test_watermark.py::TestWatermarkStore::test_second_run_returns_only_new PASSED [ 94%]
tests/test_watermark.py::TestWatermarkStore::test_duplicate_urls_in_same_batch PASSED [ 96%]
tests/test_watermark.py::TestWatermarkStore::test_multiple_feeds_independent PASSED [ 98%]
tests/test_watermark.py::TestWatermarkStore::test_max_seen_bounded PASSED [100%]

- generated xml file: /workspace/hermes-output/rss-emerging-tech-digest-script/tests/test_results.xml -
============================== 54 passed in 0.31s ==============================
